Flutter crash report.
Please report a bug at https://github.com/flutter/flutter/issues.

## command

flutter attach -d B764355C-AE75-49CC-8E30-8B5089A32CAB

## exception

RPCError: _deleteDevFS: (1002) File system does not exist
_deleteDevFS: file system 'baahy-mobile' does not exist

```
#0      new _OutstandingRequest (package:vm_service/src/vm_service.dart:268:34)
#1      VmService._call.<anonymous closure> (package:vm_service/src/vm_service.dart:1950:25)
#2      VmService._call (package:vm_service/src/vm_service.dart:1962:8)
#3      VmService.callServiceExtension (package:vm_service/src/vm_service.dart:1901:14)
#4      FlutterVmService._checkedCallServiceExtension (package:flutter_tools/src/vmservice.dart:771:28)
#5      FlutterVmService.deleteDevFS (package:flutter_tools/src/vmservice.dart:938:11)
#6      DevFS.destroy (package:flutter_tools/src/devfs.dart:545:22)
#7      DevFS.create (package:flutter_tools/src/devfs.dart:535:13)
<asynchronous suspension>
#8      HotRunner._initDevFS (package:flutter_tools/src/run_hot.dart:488:9)
<asynchronous suspension>
#9      HotRunner._attach (package:flutter_tools/src/run_hot.dart:286:35)
<asynchronous suspension>
#10     AttachCommand._attach (package:flutter_tools/src/commands/attach.dart:306:24)
<asynchronous suspension>
#11     AttachCommand.runCommand (package:flutter_tools/src/commands/attach.dart:266:7)
<asynchronous suspension>
#12     FlutterCommand.run.<anonymous closure> (package:flutter_tools/src/runner/flutter_command.dart:1590:27)
<asynchronous suspension>
#13     AppContext.run.<anonymous closure> (package:flutter_tools/src/base/context.dart:154:19)
<asynchronous suspension>
#14     CommandRunner.runCommand (package:args/command_runner.dart:212:13)
<asynchronous suspension>
#15     FlutterCommandRunner.runCommand.<anonymous closure> (package:flutter_tools/src/runner/flutter_command_runner.dart:496:9)
<asynchronous suspension>
#16     AppContext.run.<anonymous closure> (package:flutter_tools/src/base/context.dart:154:19)
<asynchronous suspension>
#17     FlutterCommandRunner.runCommand (package:flutter_tools/src/runner/flutter_command_runner.dart:431:5)
<asynchronous suspension>
#18     FlutterCommandRunner.run.<anonymous closure> (package:flutter_tools/src/runner/flutter_command_runner.dart:307:33)
<asynchronous suspension>
#19     run.<anonymous closure>.<anonymous closure> (package:flutter_tools/runner.dart:104:11)
<asynchronous suspension>
#20     AppContext.run.<anonymous closure> (package:flutter_tools/src/base/context.dart:154:19)
<asynchronous suspension>
#21     main (package:flutter_tools/executable.dart:103:3)
<asynchronous suspension>
```

## flutter doctor

```
[✓] Flutter (Channel stable, 3.41.9, on macOS 15.6.1 24G90 darwin-arm64, locale en-LY) [698ms]
    • Flutter version 3.41.9 on channel stable at /opt/homebrew/share/flutter
    • Upstream repository https://github.com/flutter/flutter.git
    • Framework revision 00b0c91f06 (3 weeks ago), 2026-04-29 10:03:19 -0700
    • Engine revision 42d3d75a56
    • Dart version 3.11.5
    • DevTools version 2.54.2
    • Feature flags: enable-web, enable-linux-desktop, enable-macos-desktop, enable-windows-desktop, enable-android, enable-ios, cli-animations, enable-native-assets, omit-legacy-version-file, enable-lldb-debugging, enable-uiscene-migration

[✗] Android toolchain - develop for Android devices [413ms]
    ✗ Unable to locate Android SDK.
      Install Android Studio from: https://developer.android.com/studio/index.html
      On first launch it will assist you in installing the Android SDK components.
      (or visit https://flutter.dev/to/macos-android-setup for detailed instructions).
      If the Android SDK has been installed to a custom location, please use
      `flutter config --android-sdk` to update to that location.


[✓] Xcode - develop for iOS and macOS (Xcode 26.3) [2.8s]
    • Xcode at /Applications/Xcode.app/Contents/Developer
    • Build 17C529
    • CocoaPods version 1.16.2

[✓] Chrome - develop for the web [6ms]
    • Chrome at /Applications/Google Chrome.app/Contents/MacOS/Google Chrome

[✓] Connected device (4 available) [9.2s]
    • iPhone 17 Pro (mobile)          • B764355C-AE75-49CC-8E30-8B5089A32CAB • ios            • com.apple.CoreSimulator.SimRuntime.iOS-26-3 (simulator)
    • macOS (desktop)                 • macos                                • darwin-arm64   • macOS 15.6.1 24G90 darwin-arm64
    • Mac Designed for iPad (desktop) • mac-designed-for-ipad                • darwin         • macOS 15.6.1 24G90 darwin-arm64
    • Chrome (web)                    • chrome                               • web-javascript • Google Chrome 148.0.7778.168

[✓] Network resources [817ms]
    • All expected network resources are available.

! Doctor found issues in 1 category.
```
